Release 14.7 - xst P.20131013 (nt)
Copyright (c) 1995-2013 Xilinx, Inc.  All rights reserved.
--> Parameter TMPDIR set to xst/projnav.tmp


Total REAL time to Xst completion: 0.00 secs
Total CPU time to Xst completion: 0.09 secs
 
--> Parameter xsthdpdir set to xst


Total REAL time to Xst completion: 0.00 secs
Total CPU time to Xst completion: 0.09 secs
 
--> Reading design: one_fifo.prj

TABLE OF CONTENTS
  1) Synthesis Options Summary
  2) HDL Parsing
  3) HDL Elaboration
  4) HDL Synthesis
       4.1) HDL Synthesis Report
  5) Advanced HDL Synthesis
       5.1) Advanced HDL Synthesis Report
  6) Low Level Synthesis
  7) Partition Report
  8) Design Summary
       8.1) Primitive and Black Box Usage
       8.2) Device utilization summary
       8.3) Partition Resource Summary
       8.4) Timing Report
            8.4.1) Clock Information
            8.4.2) Asynchronous Control Signals Information
            8.4.3) Timing Summary
            8.4.4) Timing Details
            8.4.5) Cross Clock Domains Report


=========================================================================
*                      Synthesis Options Summary                        *
=========================================================================
---- Source Parameters
Input File Name                    : "one_fifo.prj"
Ignore Synthesis Constraint File   : NO

---- Target Parameters
Output File Name                   : "one_fifo"
Output Format                      : NGC
Target Device                      : xc6slx45-2-fgg484

---- Source Options
Top Module Name                    : one_fifo
Automatic FSM Extraction           : YES
FSM Encoding Algorithm             : Auto
Safe Implementation                : No
FSM Style                          : LUT
RAM Extraction                     : Yes
RAM Style                          : Auto
ROM Extraction                     : Yes
Shift Register Extraction          : YES
ROM Style                          : Auto
Resource Sharing                   : YES
Asynchronous To Synchronous        : NO
Shift Register Minimum Size        : 2
Use DSP Block                      : Auto
Automatic Register Balancing       : No

---- Target Options
LUT Combining                      : Auto
Reduce Control Sets                : Auto
Add IO Buffers                     : YES
Global Maximum Fanout              : 100000
Add Generic Clock Buffer(BUFG)     : 16
Register Duplication               : YES
Optimize Instantiated Primitives   : NO
Use Clock Enable                   : Auto
Use Synchronous Set                : Auto
Use Synchronous Reset              : Auto
Pack IO Registers into IOBs        : Auto
Equivalent register Removal        : YES

---- General Options
Optimization Goal                  : Speed
Optimization Effort                : 1
Power Reduction                    : NO
Keep Hierarchy                     : No
Netlist Hierarchy                  : As_Optimized
RTL Output                         : Yes
Global Optimization                : AllClockNets
Read Cores                         : YES
Write Timing Constraints           : NO
Cross Clock Analysis               : NO
Hierarchy Separator                : /
Bus Delimiter                      : <>
Case Specifier                     : Maintain
Slice Utilization Ratio            : 100
BRAM Utilization Ratio             : 100
DSP48 Utilization Ratio            : 100
Auto BRAM Packing                  : NO
Slice Utilization Ratio Delta      : 5

---- Other Options
Cores Search Directories           : {"ipcore_dir"  }

=========================================================================


=========================================================================
*                          HDL Parsing                                  *
=========================================================================
Parsing VHDL file "C:\workspace_xilinx\one_fifo\ipcore_dir\myfifo.vhd" into library work
Parsing entity <myfifo>.
Parsing architecture <myfifo_a> of entity <myfifo>.
Parsing VHDL file "C:\workspace_xilinx\one_fifo\okLibrary.vhd" into library work
Parsing entity <okHost>.
Parsing architecture <archHost> of entity <okhost>.
Parsing entity <okWireOR>.
Parsing architecture <archWireOR> of entity <okwireor>.
Parsing package <FRONTPANEL>.
Parsing VHDL file "C:\workspace_xilinx\one_fifo\one_fifo.vhd" into library work
Parsing entity <one_fifo>.
Parsing architecture <Behavioral> of entity <one_fifo>.
WARNING:HDLCompiler:946 - "C:\workspace_xilinx\one_fifo\one_fifo.vhd" Line 68: Actual for formal port rst is neither a static name nor a globally static expression

=========================================================================
*                            HDL Elaboration                            *
=========================================================================

Elaborating entity <one_fifo> (architecture <Behavioral>) from library <work>.

Elaborating entity <okHost> (architecture <archHost>) from library <work>.
WARNING:HDLCompiler:89 - "C:\workspace_xilinx\one_fifo\okLibrary.vhd" Line 40: <fdre> remains a black-box since it has no binding entity.

Elaborating entity <myfifo> (architecture <myfifo_a>) from library <work>.

=========================================================================
*                           HDL Synthesis                               *
=========================================================================

Synthesizing Unit <one_fifo>.
    Related source file is "C:\workspace_xilinx\one_fifo\one_fifo.vhd".
INFO:Xst:3210 - "C:\workspace_xilinx\one_fifo\one_fifo.vhd" line 59: Output port <ti_clk> of the instance <okHI> is unconnected or connected to loadless signal.
INFO:Xst:3210 - "C:\workspace_xilinx\one_fifo\one_fifo.vhd" line 82: Output port <ok2> of the instance <pipe2> is unconnected or connected to loadless signal.
    Summary:
	no macro.
Unit <one_fifo> synthesized.

Synthesizing Unit <okHost>.
    Related source file is "C:\workspace_xilinx\one_fifo\okLibrary.vhd".
    Set property "IOB = TRUE" for instance <delays[0].fdrein0>.
    Set property "IOB = TRUE" for instance <delays[0].fdreout0>.
    Set property "IOB = TRUE" for instance <delays[0].fdreout1>.
    Set property "IOB = TRUE" for instance <delays[1].fdrein0>.
    Set property "IOB = TRUE" for instance <delays[1].fdreout0>.
    Set property "IOB = TRUE" for instance <delays[1].fdreout1>.
    Set property "IOB = TRUE" for instance <delays[2].fdrein0>.
    Set property "IOB = TRUE" for instance <delays[2].fdreout0>.
    Set property "IOB = TRUE" for instance <delays[2].fdreout1>.
    Set property "IOB = TRUE" for instance <delays[3].fdrein0>.
    Set property "IOB = TRUE" for instance <delays[3].fdreout0>.
    Set property "IOB = TRUE" for instance <delays[3].fdreout1>.
    Set property "IOB = TRUE" for instance <delays[4].fdrein0>.
    Set property "IOB = TRUE" for instance <delays[4].fdreout0>.
    Set property "IOB = TRUE" for instance <delays[4].fdreout1>.
    Set property "IOB = TRUE" for instance <delays[5].fdrein0>.
    Set property "IOB = TRUE" for instance <delays[5].fdreout0>.
    Set property "IOB = TRUE" for instance <delays[5].fdreout1>.
    Set property "IOB = TRUE" for instance <delays[6].fdrein0>.
    Set property "IOB = TRUE" for instance <delays[6].fdreout0>.
    Set property "IOB = TRUE" for instance <delays[6].fdreout1>.
    Set property "IOB = TRUE" for instance <delays[7].fdrein0>.
    Set property "IOB = TRUE" for instance <delays[7].fdreout0>.
    Set property "IOB = TRUE" for instance <delays[7].fdreout1>.
    Set property "IOB = TRUE" for instance <delays[8].fdrein0>.
    Set property "IOB = TRUE" for instance <delays[8].fdreout0>.
    Set property "IOB = TRUE" for instance <delays[8].fdreout1>.
    Set property "IOB = TRUE" for instance <delays[9].fdrein0>.
    Set property "IOB = TRUE" for instance <delays[9].fdreout0>.
    Set property "IOB = TRUE" for instance <delays[9].fdreout1>.
    Set property "IOB = TRUE" for instance <delays[10].fdrein0>.
    Set property "IOB = TRUE" for instance <delays[10].fdreout0>.
    Set property "IOB = TRUE" for instance <delays[10].fdreout1>.
    Set property "IOB = TRUE" for instance <delays[11].fdrein0>.
    Set property "IOB = TRUE" for instance <delays[11].fdreout0>.
    Set property "IOB = TRUE" for instance <delays[11].fdreout1>.
    Set property "IOB = TRUE" for instance <delays[12].fdrein0>.
    Set property "IOB = TRUE" for instance <delays[12].fdreout0>.
    Set property "IOB = TRUE" for instance <delays[12].fdreout1>.
    Set property "IOB = TRUE" for instance <delays[13].fdrein0>.
    Set property "IOB = TRUE" for instance <delays[13].fdreout0>.
    Set property "IOB = TRUE" for instance <delays[13].fdreout1>.
    Set property "IOB = TRUE" for instance <delays[14].fdrein0>.
    Set property "IOB = TRUE" for instance <delays[14].fdreout0>.
    Set property "IOB = TRUE" for instance <delays[14].fdreout1>.
    Set property "IOB = TRUE" for instance <delays[15].fdrein0>.
    Set property "IOB = TRUE" for instance <delays[15].fdreout0>.
    Set property "IOB = TRUE" for instance <delays[15].fdreout1>.
    Summary:
	no macro.
Unit <okHost> synthesized.

=========================================================================
HDL Synthesis Report

Found no macro
=========================================================================

=========================================================================
*                       Advanced HDL Synthesis                          *
=========================================================================

Reading core <ipcore_dir/myfifo.ngc>.
Reading core <okWireIn.ngc>.
Reading core <okPipeIn.ngc>.
Reading core <okPipeOut.ngc>.
Reading core <okCoreHarness.ngc>.
Reading core <TFIFO64x8a_64x8b.ngc>.
Loading core <myfifo> for timing and area information for instance <cmpt1>.
Loading core <okWireIn> for timing and area information for instance <ep00res>.
Loading core <okPipeIn> for timing and area information for instance <pipe1>.
Loading core <okPipeOut> for timing and area information for instance <pipe2>.
Loading core <TFIFO64x8a_64x8b> for timing and area information for instance <core0/a0/cb0>.
Loading core <okCoreHarness> for timing and area information for instance <core0>.

=========================================================================
Advanced HDL Synthesis Report

Macro Statistics
# Registers                                            : 52
 Flip-Flops                                            : 52

=========================================================================

=========================================================================
*                         Low Level Synthesis                           *
=========================================================================

Optimizing unit <one_fifo> ...

Optimizing unit <okHost> ...

Mapping all equations...
Building and optimizing final netlist ...
Found area constraint ratio of 100 (+ 5) on block one_fifo, actual ratio is 11.
INFO:Xst:2260 - The FF/Latch <U0/xst_fifo_generator/gconvfifo.rf/grf.rf/gntv_or_sync_fifo.gl0.rd/grss.rsts/ram_empty_i> in Unit <cmpt1> is equivalent to the following FF/Latch : <U0/xst_fifo_generator/gconvfifo.rf/grf.rf/gntv_or_sync_fifo.gl0.rd/grss.rsts/ram_empty_fb_i> 
INFO:Xst:2260 - The FF/Latch <U0/xst_fifo_generator/gconvfifo.rf/grf.rf/rstblk/ngwrdrst.grst.rd_rst_reg_2> in Unit <cmpt1> is equivalent to the following FF/Latch : <U0/xst_fifo_generator/gconvfifo.rf/grf.rf/rstblk/ngwrdrst.grst.rd_rst_reg_0> 
INFO:Xst:2260 - The FF/Latch <U0/xst_fifo_generator/gconvfifo.rf/grf.rf/gntv_or_sync_fifo.gl0.wr/gwss.wsts/ram_full_i> in Unit <cmpt1> is equivalent to the following 2 FFs/Latches : <U0/xst_fifo_generator/gconvfifo.rf/grf.rf/gntv_or_sync_fifo.gl0.wr/gwss.wsts/ram_full_fb_i> <U0/xst_fifo_generator/gconvfifo.rf/grf.rf/gntv_or_sync_fifo.gl0.wr/gwss.wsts/ram_full_fb_i_1> 
INFO:Xst:2260 - The FF/Latch <U0/xst_fifo_generator/gconvfifo.rf/grf.rf/gntv_or_sync_fifo.gl0.rd/rpntr/gc0.count_d1_1> in Unit <cmpt1> is equivalent to the following 4 FFs/Latches : <U0/xst_fifo_generator/gconvfifo.rf/grf.rf/gntv_or_sync_fifo.gl0.rd/rpntr/gc0.count_d1_1_1> <U0/xst_fifo_generator/gconvfifo.rf/grf.rf/gntv_or_sync_fifo.gl0.rd/rpntr/gc0.count_d1_1_2> <U0/xst_fifo_generator/gconvfifo.rf/grf.rf/gntv_or_sync_fifo.gl0.rd/rpntr/gc0.count_d1_1_3> <U0/xst_fifo_generator/gconvfifo.rf/grf.rf/gntv_or_sync_fifo.gl0.rd/rpntr/gc0.count_d1_1_4> 
INFO:Xst:2260 - The FF/Latch <U0/xst_fifo_generator/gconvfifo.rf/grf.rf/gntv_or_sync_fifo.gl0.rd/rpntr/gc0.count_d1_2> in Unit <cmpt1> is equivalent to the following 3 FFs/Latches : <U0/xst_fifo_generator/gconvfifo.rf/grf.rf/gntv_or_sync_fifo.gl0.rd/rpntr/gc0.count_d1_2_1> <U0/xst_fifo_generator/gconvfifo.rf/grf.rf/gntv_or_sync_fifo.gl0.rd/rpntr/gc0.count_d1_2_2> <U0/xst_fifo_generator/gconvfifo.rf/grf.rf/gntv_or_sync_fifo.gl0.rd/rpntr/gc0.count_d1_2_3> 
INFO:Xst:2260 - The FF/Latch <U0/xst_fifo_generator/gconvfifo.rf/grf.rf/gntv_or_sync_fifo.gl0.rd/rpntr/gc0.count_d1_3> in Unit <cmpt1> is equivalent to the following 3 FFs/Latches : <U0/xst_fifo_generator/gconvfifo.rf/grf.rf/gntv_or_sync_fifo.gl0.rd/rpntr/gc0.count_d1_3_1> <U0/xst_fifo_generator/gconvfifo.rf/grf.rf/gntv_or_sync_fifo.gl0.rd/rpntr/gc0.count_d1_3_2> <U0/xst_fifo_generator/gconvfifo.rf/grf.rf/gntv_or_sync_fifo.gl0.rd/rpntr/gc0.count_d1_3_3> 
INFO:Xst:2260 - The FF/Latch <U0/xst_fifo_generator/gconvfifo.rf/grf.rf/gntv_or_sync_fifo.gl0.rd/rpntr/gc0.count_d1_4> in Unit <cmpt1> is equivalent to the following 3 FFs/Latches : <U0/xst_fifo_generator/gconvfifo.rf/grf.rf/gntv_or_sync_fifo.gl0.rd/rpntr/gc0.count_d1_4_1> <U0/xst_fifo_generator/gconvfifo.rf/grf.rf/gntv_or_sync_fifo.gl0.rd/rpntr/gc0.count_d1_4_2> <U0/xst_fifo_generator/gconvfifo.rf/grf.rf/gntv_or_sync_fifo.gl0.rd/rpntr/gc0.count_d1_4_3> 
INFO:Xst:2260 - The FF/Latch <U0/xst_fifo_generator/gconvfifo.rf/grf.rf/gntv_or_sync_fifo.gl0.rd/rpntr/gc0.count_d1_5> in Unit <cmpt1> is equivalent to the following 3 FFs/Latches : <U0/xst_fifo_generator/gconvfifo.rf/grf.rf/gntv_or_sync_fifo.gl0.rd/rpntr/gc0.count_d1_5_1> <U0/xst_fifo_generator/gconvfifo.rf/grf.rf/gntv_or_sync_fifo.gl0.rd/rpntr/gc0.count_d1_5_2> <U0/xst_fifo_generator/gconvfifo.rf/grf.rf/gntv_or_sync_fifo.gl0.rd/rpntr/gc0.count_d1_5_3> 
INFO:Xst:2260 - The FF/Latch <core0/a0/pc0/sync_interrupt_flop> in Unit <okHI/core0> is equivalent to the following FF/Latch : <core0/a0/pc0/sync_sleep_flop> 
INFO:Xst:2260 - The FF/Latch <U0/grf.rf/rstblk/ngwrdrst.grst.rd_rst_reg_2> in Unit <BU2> is equivalent to the following FF/Latch : <U0/grf.rf/rstblk/ngwrdrst.grst.rd_rst_reg_0> 
INFO:Xst:2260 - The FF/Latch <U0/grf.rf/gl0.wr/gwss.wsts/ram_full_i> in Unit <BU2> is equivalent to the following FF/Latch : <U0/grf.rf/gl0.wr/gwss.wsts/ram_full_fb_i> 
INFO:Xst:2260 - The FF/Latch <U0/grf.rf/gl0.rd/grss.rsts/ram_empty_i> in Unit <BU2> is equivalent to the following FF/Latch : <U0/grf.rf/gl0.rd/grss.rsts/ram_empty_fb_i> 
INFO:Xst:2260 - The FF/Latch <U0/xst_fifo_generator/gconvfifo.rf/grf.rf/gntv_or_sync_fifo.gl0.rd/grss.rsts/ram_empty_i> in Unit <cmpt1> is equivalent to the following FF/Latch : <U0/xst_fifo_generator/gconvfifo.rf/grf.rf/gntv_or_sync_fifo.gl0.rd/grss.rsts/ram_empty_fb_i> 
INFO:Xst:2260 - The FF/Latch <U0/xst_fifo_generator/gconvfifo.rf/grf.rf/rstblk/ngwrdrst.grst.rd_rst_reg_2> in Unit <cmpt1> is equivalent to the following FF/Latch : <U0/xst_fifo_generator/gconvfifo.rf/grf.rf/rstblk/ngwrdrst.grst.rd_rst_reg_0> 
INFO:Xst:2260 - The FF/Latch <U0/xst_fifo_generator/gconvfifo.rf/grf.rf/gntv_or_sync_fifo.gl0.wr/gwss.wsts/ram_full_i> in Unit <cmpt1> is equivalent to the following 2 FFs/Latches : <U0/xst_fifo_generator/gconvfifo.rf/grf.rf/gntv_or_sync_fifo.gl0.wr/gwss.wsts/ram_full_fb_i> <U0/xst_fifo_generator/gconvfifo.rf/grf.rf/gntv_or_sync_fifo.gl0.wr/gwss.wsts/ram_full_fb_i_1> 
INFO:Xst:2260 - The FF/Latch <U0/xst_fifo_generator/gconvfifo.rf/grf.rf/gntv_or_sync_fifo.gl0.rd/rpntr/gc0.count_d1_1> in Unit <cmpt1> is equivalent to the following 4 FFs/Latches : <U0/xst_fifo_generator/gconvfifo.rf/grf.rf/gntv_or_sync_fifo.gl0.rd/rpntr/gc0.count_d1_1_1> <U0/xst_fifo_generator/gconvfifo.rf/grf.rf/gntv_or_sync_fifo.gl0.rd/rpntr/gc0.count_d1_1_2> <U0/xst_fifo_generator/gconvfifo.rf/grf.rf/gntv_or_sync_fifo.gl0.rd/rpntr/gc0.count_d1_1_3> <U0/xst_fifo_generator/gconvfifo.rf/grf.rf/gntv_or_sync_fifo.gl0.rd/rpntr/gc0.count_d1_1_4> 
INFO:Xst:2260 - The FF/Latch <U0/xst_fifo_generator/gconvfifo.rf/grf.rf/gntv_or_sync_fifo.gl0.rd/rpntr/gc0.count_d1_2> in Unit <cmpt1> is equivalent to the following 3 FFs/Latches : <U0/xst_fifo_generator/gconvfifo.rf/grf.rf/gntv_or_sync_fifo.gl0.rd/rpntr/gc0.count_d1_2_1> <U0/xst_fifo_generator/gconvfifo.rf/grf.rf/gntv_or_sync_fifo.gl0.rd/rpntr/gc0.count_d1_2_2> <U0/xst_fifo_generator/gconvfifo.rf/grf.rf/gntv_or_sync_fifo.gl0.rd/rpntr/gc0.count_d1_2_3> 
INFO:Xst:2260 - The FF/Latch <U0/xst_fifo_generator/gconvfifo.rf/grf.rf/gntv_or_sync_fifo.gl0.rd/rpntr/gc0.count_d1_3> in Unit <cmpt1> is equivalent to the following 3 FFs/Latches : <U0/xst_fifo_generator/gconvfifo.rf/grf.rf/gntv_or_sync_fifo.gl0.rd/rpntr/gc0.count_d1_3_1> <U0/xst_fifo_generator/gconvfifo.rf/grf.rf/gntv_or_sync_fifo.gl0.rd/rpntr/gc0.count_d1_3_2> <U0/xst_fifo_generator/gconvfifo.rf/grf.rf/gntv_or_sync_fifo.gl0.rd/rpntr/gc0.count_d1_3_3> 
INFO:Xst:2260 - The FF/Latch <U0/xst_fifo_generator/gconvfifo.rf/grf.rf/gntv_or_sync_fifo.gl0.rd/rpntr/gc0.count_d1_4> in Unit <cmpt1> is equivalent to the following 3 FFs/Latches : <U0/xst_fifo_generator/gconvfifo.rf/grf.rf/gntv_or_sync_fifo.gl0.rd/rpntr/gc0.count_d1_4_1> <U0/xst_fifo_generator/gconvfifo.rf/grf.rf/gntv_or_sync_fifo.gl0.rd/rpntr/gc0.count_d1_4_2> <U0/xst_fifo_generator/gconvfifo.rf/grf.rf/gntv_or_sync_fifo.gl0.rd/rpntr/gc0.count_d1_4_3> 
INFO:Xst:2260 - The FF/Latch <U0/xst_fifo_generator/gconvfifo.rf/grf.rf/gntv_or_sync_fifo.gl0.rd/rpntr/gc0.count_d1_5> in Unit <cmpt1> is equivalent to the following 3 FFs/Latches : <U0/xst_fifo_generator/gconvfifo.rf/grf.rf/gntv_or_sync_fifo.gl0.rd/rpntr/gc0.count_d1_5_1> <U0/xst_fifo_generator/gconvfifo.rf/grf.rf/gntv_or_sync_fifo.gl0.rd/rpntr/gc0.count_d1_5_2> <U0/xst_fifo_generator/gconvfifo.rf/grf.rf/gntv_or_sync_fifo.gl0.rd/rpntr/gc0.count_d1_5_3> 
INFO:Xst:2260 - The FF/Latch <core0/a0/pc0/sync_interrupt_flop> in Unit <okHI/core0> is equivalent to the following FF/Latch : <core0/a0/pc0/sync_sleep_flop> 
INFO:Xst:2260 - The FF/Latch <U0/grf.rf/rstblk/ngwrdrst.grst.rd_rst_reg_2> in Unit <BU2> is equivalent to the following FF/Latch : <U0/grf.rf/rstblk/ngwrdrst.grst.rd_rst_reg_0> 
INFO:Xst:2260 - The FF/Latch <U0/grf.rf/gl0.wr/gwss.wsts/ram_full_i> in Unit <BU2> is equivalent to the following FF/Latch : <U0/grf.rf/gl0.wr/gwss.wsts/ram_full_fb_i> 
INFO:Xst:2260 - The FF/Latch <U0/grf.rf/gl0.rd/grss.rsts/ram_empty_i> in Unit <BU2> is equivalent to the following FF/Latch : <U0/grf.rf/gl0.rd/grss.rsts/ram_empty_fb_i> 
INFO:Xst:2260 - The FF/Latch <U0/grf.rf/rstblk/ngwrdrst.grst.rd_rst_reg_2> in Unit <BU2> is equivalent to the following FF/Latch : <U0/grf.rf/rstblk/ngwrdrst.grst.rd_rst_reg_0> 
INFO:Xst:2260 - The FF/Latch <U0/grf.rf/gl0.wr/gwss.wsts/ram_full_i> in Unit <BU2> is equivalent to the following FF/Latch : <U0/grf.rf/gl0.wr/gwss.wsts/ram_full_fb_i> 
INFO:Xst:2260 - The FF/Latch <U0/grf.rf/gl0.rd/grss.rsts/ram_empty_i> in Unit <BU2> is equivalent to the following FF/Latch : <U0/grf.rf/gl0.rd/grss.rsts/ram_empty_fb_i> 
INFO:Xst:2260 - The FF/Latch <U0/grf.rf/rstblk/ngwrdrst.grst.rd_rst_reg_2> in Unit <BU2> is equivalent to the following FF/Latch : <U0/grf.rf/rstblk/ngwrdrst.grst.rd_rst_reg_0> 
INFO:Xst:2260 - The FF/Latch <U0/grf.rf/gl0.wr/gwss.wsts/ram_full_i> in Unit <BU2> is equivalent to the following FF/Latch : <U0/grf.rf/gl0.wr/gwss.wsts/ram_full_fb_i> 
INFO:Xst:2260 - The FF/Latch <U0/grf.rf/gl0.rd/grss.rsts/ram_empty_i> in Unit <BU2> is equivalent to the following FF/Latch : <U0/grf.rf/gl0.rd/grss.rsts/ram_empty_fb_i> 

Final Macro Processing ...

=========================================================================
Final Register Report

Macro Statistics
# Registers                                            : 52
 Flip-Flops                                            : 52

=========================================================================

=========================================================================
*                           Partition Report                            *
=========================================================================

Partition Implementation Status
-------------------------------

  No Partitions were found in this design.

-------------------------------

=========================================================================
*                            Design Summary                             *
=========================================================================

Top Level Output File Name         : one_fifo.ngc

Primitive and Black Box Usage:
------------------------------
# BELS                             : 3185
#      GND                         : 5
#      INV                         : 51
#      LUT1                        : 57
#      LUT2                        : 56
#      LUT3                        : 38
#      LUT4                        : 138
#      LUT5                        : 98
#      LUT6                        : 1624
#      LUT6_2                      : 50
#      MUXCY                       : 140
#      MUXF7                       : 546
#      MUXF8                       : 272
#      VCC                         : 3
#      XORCY                       : 107
# FlipFlops/Latches                : 692
#      FD                          : 141
#      FDC                         : 10
#      FDCE                        : 209
#      FDE                         : 83
#      FDP                         : 45
#      FDPE                        : 9
#      FDR                         : 62
#      FDRE                        : 126
#      FDS                         : 5
#      FDSE                        : 2
# RAMS                             : 1553
#      RAM128X1S                   : 8
#      RAM32M                      : 4
#      RAM64M                      : 1282
#      RAM64X1D                    : 258
#      RAMB16BWER                  : 1
# Shift Registers                  : 1
#      SRLC16E                     : 1
# Clock Buffers                    : 2
#      BUFG                        : 1
#      BUFGP                       : 1
# IO Buffers                       : 27
#      IBUF                        : 7
#      IBUFG                       : 1
#      IOBUF                       : 17
#      OBUF                        : 2
# DCMs                             : 1
#      DCM_SP                      : 1
# Others                           : 17
#      DNA_PORT                    : 1
#      IODELAY2                    : 16

Device utilization summary:
---------------------------

Selected Device : 6slx45fgg484-2 


Slice Logic Utilization: 
 Number of Slice Registers:             644  out of  54576     1%  
 Number of Slice LUTs:                 7789  out of  27288    28%  
    Number used as Logic:              2112  out of  27288     7%  
    Number used as Memory:             5677  out of   6408    88%  
       Number used as RAM:             5676
       Number used as SRL:                1

Slice Logic Distribution: 
 Number of LUT Flip Flop pairs used:   8096
   Number with an unused Flip Flop:    7452  out of   8096    92%  
   Number with an unused LUT:           307  out of   8096     3%  
   Number of fully used LUT-FF pairs:   337  out of   8096     4%  
   Number of unique control sets:        56

IO Utilization: 
 Number of IOs:                          28
 Number of bonded IOBs:                  28  out of    316     8%  
    IOB Flip Flops/Latches:              48

Specific Feature Utilization:
 Number of Block RAM/FIFO:                1  out of    116     0%  
    Number using Block RAM only:          1
 Number of BUFG/BUFGCTRLs:                2  out of     16    12%  

---------------------------
Partition Resource Summary:
---------------------------

  No Partitions were found in this design.

---------------------------


=========================================================================
Timing Report

NOTE: THESE TIMING NUMBERS ARE ONLY A SYNTHESIS ESTIMATE.
      FOR ACCURATE TIMING INFORMATION PLEASE REFER TO THE TRACE REPORT
      GENERATED AFTER PLACE-and-ROUTE.

Clock Information:
------------------
-----------------------------------+------------------------------------------------------------+-------+
Clock Signal                       | Clock buffer(FF name)                                      | Load  |
-----------------------------------+------------------------------------------------------------+-------+
hi_in<0>                           | DCM_SP:CLK0                                                | 606   |
clk1                               | BUFGP                                                      | 1640  |
okHI/core0/okCH<1>                 | NONE(okHI/core0/core0/a0/pm0/ram_1k_generate.s6.kcpsm6_rom)| 1     |
-----------------------------------+------------------------------------------------------------+-------+
INFO:Xst:2169 - HDL ADVISOR - Some clock signals were not automatically buffered by XST with BUFG/BUFR resources. Please use the buffer_type constraint in order to insert these buffers to the clock signals to help prevent skew problems.

Asynchronous Control Signals Information:
----------------------------------------
No asynchronous control signals found in this design

Timing Summary:
---------------
Speed Grade: -2

   Minimum period: 7.715ns (Maximum Frequency: 129.618MHz)
   Minimum input arrival time before clock: 7.073ns
   Maximum output required time after clock: 4.162ns
   Maximum combinational path delay: 1.328ns

Timing Details:
---------------
All values displayed in nanoseconds (ns)

=========================================================================
Timing constraint: Default period analysis for Clock 'hi_in<0>'
  Clock period: 7.715ns (frequency: 129.618MHz)
  Total number of paths / destination ports: 17556 / 1214
-------------------------------------------------------------------------
Delay:               7.715ns (Levels of Logic = 3)
  Source:            okHI/core0/core0/a0/pm0/ram_1k_generate.s6.kcpsm6_rom (RAM)
  Destination:       okHI/core0/core0/a0/atmel_status_fuses_19 (FF)
  Source Clock:      hi_in<0> rising
  Destination Clock: hi_in<0> rising

  Data Path: okHI/core0/core0/a0/pm0/ram_1k_generate.s6.kcpsm6_rom to okHI/core0/core0/a0/atmel_status_fuses_19
                                Gate     Net
    Cell:in->out      fanout   Delay   Delay  Logical Name (Net Name)
    ----------------------------------------  ------------
     RAMB16BWER:CLKA->DOA7   16   2.100   1.181  core0/a0/pm0/ram_1k_generate.s6.kcpsm6_rom (core0/a0/pico_instr<7>)
     LUT6_2:I3->O5        10   0.214   1.284  core0/a0/pc0/data_path_loop[6].output_data.sy_kk_mux_lut (core0/a0/pico_port_id<6>)
     LUT5:I1->O            5   0.254   0.841  core0/a0/_n0189_inv11 (core0/a0/_n0189_inv1)
     LUT5:I4->O           20   0.254   1.285  core0/a0/_n0210_inv1 (core0/a0/_n0210_inv)
     FDE:CE                    0.302          core0/a0/atmel_status_fuses_0
    ----------------------------------------
    Total                      7.715ns (3.124ns logic, 4.591ns route)
                                       (40.5% logic, 59.5% route)

=========================================================================
Timing constraint: Default period analysis for Clock 'clk1'
  Clock period: 7.262ns (frequency: 137.699MHz)
  Total number of paths / destination ports: 35571 / 12568
-------------------------------------------------------------------------
Delay:               7.262ns (Levels of Logic = 4)
  Source:            cmpt1/U0/xst_fifo_generator/gconvfifo.rf/grf.rf/gntv_or_sync_fifo.gl0.wr/gwss.wsts/ram_full_i (FF)
  Destination:       cmpt1/U0/xst_fifo_generator/gconvfifo.rf/grf.rf/gntv_or_sync_fifo.mem/gdm.dm/Mram_RAM1534 (RAM)
  Source Clock:      clk1 rising
  Destination Clock: clk1 rising

  Data Path: cmpt1/U0/xst_fifo_generator/gconvfifo.rf/grf.rf/gntv_or_sync_fifo.gl0.wr/gwss.wsts/ram_full_i to cmpt1/U0/xst_fifo_generator/gconvfifo.rf/grf.rf/gntv_or_sync_fifo.mem/gdm.dm/Mram_RAM1534
                                Gate     Net
    Cell:in->out      fanout   Delay   Delay  Logical Name (Net Name)
    ----------------------------------------  ------------
     FDP:C->Q              1   0.525   0.682  U0/xst_fifo_generator/gconvfifo.rf/grf.rf/gntv_or_sync_fifo.gl0.wr/gwss.wsts/ram_full_i (full)
     end scope: 'cmpt1:full'
     LUT2:I1->O           22   0.254   1.442  w_writeEnable1 (w_writeEnable)
     begin scope: 'cmpt1:wr_en'
     LUT2:I0->O          187   0.250   2.630  U0/xst_fifo_generator/gconvfifo.rf/grf.rf/gntv_or_sync_fifo.gl0.wr/ram_wr_en_i1 (U0/xst_fifo_generator/gconvfifo.rf/grf.rf/ram_wr_en)
     LUT6:I3->O            6   0.235   0.875  U0/xst_fifo_generator/gconvfifo.rf/grf.rf/gntv_or_sync_fifo.mem/gdm.dm/write_ctrl253 (U0/xst_fifo_generator/gconvfifo.rf/grf.rf/gntv_or_sync_fifo.mem/gdm.dm/write_ctrl253)
     RAM64M:WE                 0.369          U0/xst_fifo_generator/gconvfifo.rf/grf.rf/gntv_or_sync_fifo.mem/gdm.dm/Mram_RAM254
    ----------------------------------------
    Total                      7.262ns (1.633ns logic, 5.629ns route)
                                       (22.5% logic, 77.5% route)

=========================================================================
Timing constraint: Default period analysis for Clock 'okHI/core0/okCH<1>'
  Clock period: 3.081ns (frequency: 324.570MHz)
  Total number of paths / destination ports: 18 / 18
-------------------------------------------------------------------------
Delay:               3.081ns (Levels of Logic = 0)
  Source:            okHI/core0/core0/a0/pm0/ram_1k_generate.s6.kcpsm6_rom (RAM)
  Destination:       okHI/core0/core0/a0/pm0/ram_1k_generate.s6.kcpsm6_rom (RAM)
  Source Clock:      okHI/core0/okCH<1> rising
  Destination Clock: okHI/core0/okCH<1> rising

  Data Path: okHI/core0/core0/a0/pm0/ram_1k_generate.s6.kcpsm6_rom to okHI/core0/core0/a0/pm0/ram_1k_generate.s6.kcpsm6_rom
                                Gate     Net
    Cell:in->out      fanout   Delay   Delay  Logical Name (Net Name)
    ----------------------------------------  ------------
     RAMB16BWER:CLKB->DOB15    1   2.100   0.681  core0/a0/pm0/ram_1k_generate.s6.kcpsm6_rom (core0/a0/pm0/n0016<15>)
     RAMB16BWER:DIB15          0.300          core0/a0/pm0/ram_1k_generate.s6.kcpsm6_rom
    ----------------------------------------
    Total                      3.081ns (2.400ns logic, 0.681ns route)
                                       (77.9% logic, 22.1% route)

=========================================================================
Timing constraint: Default OFFSET IN BEFORE for Clock 'hi_in<0>'
  Total number of paths / destination ports: 1092 / 278
-------------------------------------------------------------------------
Offset:              7.073ns (Levels of Logic = 6)
  Source:            hi_in<7> (PAD)
  Destination:       okHI/core0/core0/ti_dataout_15 (FF)
  Destination Clock: hi_in<0> rising

  Data Path: hi_in<7> to okHI/core0/core0/ti_dataout_15
                                Gate     Net
    Cell:in->out      fanout   Delay   Delay  Logical Name (Net Name)
    ----------------------------------------  ------------
     IBUF:I->O            22   1.328   1.610  hi_in_7_IBUF (hi_in_7_IBUF)
     begin scope: 'okHI/core0:okHC<7>'
     LUT4:I0->O            2   0.254   0.726  core0/hi_addr[3]_hi_addr[3]_OR_157_o1 (core0/hi_addr[3]_hi_addr[3]_OR_157_o)
     LUT4:I3->O            1   0.254   0.682  core0/state[31]_ti_dataout[15]_select_93_OUT<0>13 (core0/state[31]_ti_dataout[15]_select_93_OUT<0>13)
     LUT5:I4->O           16   0.254   1.637  core0/state[31]_ti_dataout[15]_select_93_OUT<0>14 (core0/state[31]_ti_dataout[15]_select_93_OUT<0>1)
     LUT6:I0->O            1   0.254   0.000  core0/state[31]_ti_dataout[15]_select_93_OUT<3>1 (core0/state[31]_ti_dataout[15]_select_93_OUT<3>)
     FDE:D                     0.074          core0/ti_dataout_3
    ----------------------------------------
    Total                      7.073ns (2.418ns logic, 4.655ns route)
                                       (34.2% logic, 65.8% route)

=========================================================================
Timing constraint: Default OFFSET OUT AFTER for Clock 'hi_in<0>'
  Total number of paths / destination ports: 38 / 21
-------------------------------------------------------------------------
Offset:              4.162ns (Levels of Logic = 2)
  Source:            okHI/core0/core0/a0/c0/atmel_dout (FF)
  Destination:       hi_aa (PAD)
  Source Clock:      hi_in<0> rising

  Data Path: okHI/core0/core0/a0/c0/atmel_dout to hi_aa
                                Gate     Net
    Cell:in->out      fanout   Delay   Delay  Logical Name (Net Name)
    ----------------------------------------  ------------
     FDSE:C->Q             2   0.525   0.725  core0/a0/c0/atmel_dout (okCH<19>)
     end scope: 'okHI/core0:okCH<19>'
     IOBUF:I->IO               2.912          okHI/tbuf (hi_aa)
    ----------------------------------------
    Total                      4.162ns (3.437ns logic, 0.725ns route)
                                       (82.6% logic, 17.4% route)

=========================================================================
Timing constraint: Default path analysis
  Total number of paths / destination ports: 16 / 16
-------------------------------------------------------------------------
Delay:               1.328ns (Levels of Logic = 1)
  Source:            hi_inout<15> (PAD)
  Destination:       okHI/delays[15].iodelay_inst:IDATAIN (PAD)

  Data Path: hi_inout<15> to okHI/delays[15].iodelay_inst:IDATAIN
                                Gate     Net
    Cell:in->out      fanout   Delay   Delay  Logical Name (Net Name)
    ----------------------------------------  ------------
     IOBUF:IO->O           0   1.328   0.000  okHI/delays[15].iobf0 (okHI/iobf0_hi_datain<15>)
    IODELAY2:IDATAIN           0.000          okHI/delays[15].iodelay_inst
    ----------------------------------------
    Total                      1.328ns (1.328ns logic, 0.000ns route)
                                       (100.0% logic, 0.0% route)

=========================================================================

Cross Clock Domains Report:
--------------------------

Clock to Setup on destination clock clk1
---------------+---------+---------+---------+---------+
               | Src:Rise| Src:Fall| Src:Rise| Src:Fall|
Source Clock   |Dest:Rise|Dest:Rise|Dest:Fall|Dest:Fall|
---------------+---------+---------+---------+---------+
clk1           |    7.262|         |         |         |
hi_in<0>       |    9.495|         |         |         |
---------------+---------+---------+---------+---------+

Clock to Setup on destination clock hi_in<0>
---------------+---------+---------+---------+---------+
               | Src:Rise| Src:Fall| Src:Rise| Src:Fall|
Source Clock   |Dest:Rise|Dest:Rise|Dest:Fall|Dest:Fall|
---------------+---------+---------+---------+---------+
hi_in<0>       |    7.715|         |         |         |
---------------+---------+---------+---------+---------+

Clock to Setup on destination clock okHI/core0/okCH<1>
------------------+---------+---------+---------+---------+
                  | Src:Rise| Src:Fall| Src:Rise| Src:Fall|
Source Clock      |Dest:Rise|Dest:Rise|Dest:Fall|Dest:Fall|
------------------+---------+---------+---------+---------+
okHI/core0/okCH<1>|    3.081|         |         |         |
------------------+---------+---------+---------+---------+

=========================================================================


Total REAL time to Xst completion: 14.00 secs
Total CPU time to Xst completion: 13.62 secs
 
--> 

Total memory usage is 299276 kilobytes

Number of errors   :    0 (   0 filtered)
Number of warnings :    2 (   0 filtered)
Number of infos    :   33 (   0 filtered)

